// Jest Snapshot v1, https://goo.gl/fbAQLP

exports[`should render a links list with link class 1`] = `
Array [
  <a
    class="link"
    href="/"
  >
    Home
  </a>,
  <a
    class="link"
    href="/"
  >
    Transfers
  </a>,
  <a
    class="link"
    href="/"
  >
    Investiments
  </a>,
  <a
    class="link"
    href="/"
  >
    Other services
  </a>,
]
`;
